Archive member included to satisfy reference by file (symbol)

../libopencm3//lib/libopencm3_stm32f4.a(gpio_common_all.o)
                              main.o (gpio_toggle)
../libopencm3//lib/libopencm3_stm32f4.a(gpio_common_f0234.o)
                              main.o (gpio_mode_setup)
../libopencm3//lib/libopencm3_stm32f4.a(rcc_common_all.o)
                              main.o (rcc_periph_clock_enable)
../libopencm3//lib/libopencm3_stm32f4.a(vector.o)
                              (reset_handler)

Discarded input sections

 .text          0x0000000000000000        0x0 main.o
 .data          0x0000000000000000        0x0 main.o
 .bss           0x0000000000000000        0x0 main.o
 .data          0x0000000000000000        0x0 button_boot.o
 .bss           0x0000000000000000        0x0 button_boot.o
 .group         0x0000000000000000        0xc ../libopencm3//lib/libopencm3_stm32f4.a(gpio_common_all.o)
 .group         0x0000000000000000        0xc ../libopencm3//lib/libopencm3_stm32f4.a(gpio_common_all.o)
 .group         0x0000000000000000        0xc ../libopencm3//lib/libopencm3_stm32f4.a(gpio_common_all.o)
 .group         0x0000000000000000        0xc ../libopencm3//lib/libopencm3_stm32f4.a(gpio_common_all.o)
 .group         0x0000000000000000        0xc ../libopencm3//lib/libopencm3_stm32f4.a(gpio_common_all.o)
 .group         0x0000000000000000        0xc ../libopencm3//lib/libopencm3_stm32f4.a(gpio_common_all.o)
 .group         0x0000000000000000        0xc ../libopencm3//lib/libopencm3_stm32f4.a(gpio_common_all.o)
 .group         0x0000000000000000        0xc ../libopencm3//lib/libopencm3_stm32f4.a(gpio_common_all.o)
 .group         0x0000000000000000        0xc ../libopencm3//lib/libopencm3_stm32f4.a(gpio_common_all.o)
 .group         0x0000000000000000        0xc ../libopencm3//lib/libopencm3_stm32f4.a(gpio_common_all.o)
 .group         0x0000000000000000        0xc ../libopencm3//lib/libopencm3_stm32f4.a(gpio_common_all.o)
 .group         0x0000000000000000        0xc ../libopencm3//lib/libopencm3_stm32f4.a(gpio_common_all.o)
 .group         0x0000000000000000        0xc ../libopencm3//lib/libopencm3_stm32f4.a(gpio_common_all.o)
 .group         0x0000000000000000        0xc ../libopencm3//lib/libopencm3_stm32f4.a(gpio_common_all.o)
 .text          0x0000000000000000        0x0 ../libopencm3//lib/libopencm3_stm32f4.a(gpio_common_all.o)
 .data          0x0000000000000000        0x0 ../libopencm3//lib/libopencm3_stm32f4.a(gpio_common_all.o)
 .bss           0x0000000000000000        0x0 ../libopencm3//lib/libopencm3_stm32f4.a(gpio_common_all.o)
 .text.gpio_set
                0x0000000000000000        0x4 ../libopencm3//lib/libopencm3_stm32f4.a(gpio_common_all.o)
 .text.gpio_clear
                0x0000000000000000        0x6 ../libopencm3//lib/libopencm3_stm32f4.a(gpio_common_all.o)
 .text.gpio_get
                0x0000000000000000        0x6 ../libopencm3//lib/libopencm3_stm32f4.a(gpio_common_all.o)
 .text.gpio_port_read
                0x0000000000000000        0x6 ../libopencm3//lib/libopencm3_stm32f4.a(gpio_common_all.o)
 .text.gpio_port_write
                0x0000000000000000        0x4 ../libopencm3//lib/libopencm3_stm32f4.a(gpio_common_all.o)
 .text.gpio_port_config_lock
                0x0000000000000000       0x10 ../libopencm3//lib/libopencm3_stm32f4.a(gpio_common_all.o)
 .group         0x0000000000000000        0xc ../libopencm3//lib/libopencm3_stm32f4.a(gpio_common_f0234.o)
 .group         0x0000000000000000        0xc ../libopencm3//lib/libopencm3_stm32f4.a(gpio_common_f0234.o)
 .group         0x0000000000000000        0xc ../libopencm3//lib/libopencm3_stm32f4.a(gpio_common_f0234.o)
 .group         0x0000000000000000        0xc ../libopencm3//lib/libopencm3_stm32f4.a(gpio_common_f0234.o)
 .group         0x0000000000000000        0xc ../libopencm3//lib/libopencm3_stm32f4.a(gpio_common_f0234.o)
 .group         0x0000000000000000        0xc ../libopencm3//lib/libopencm3_stm32f4.a(gpio_common_f0234.o)
 .group         0x0000000000000000        0xc ../libopencm3//lib/libopencm3_stm32f4.a(gpio_common_f0234.o)
 .group         0x0000000000000000        0xc ../libopencm3//lib/libopencm3_stm32f4.a(gpio_common_f0234.o)
 .group         0x0000000000000000        0xc ../libopencm3//lib/libopencm3_stm32f4.a(gpio_common_f0234.o)
 .group         0x0000000000000000        0xc ../libopencm3//lib/libopencm3_stm32f4.a(gpio_common_f0234.o)
 .group         0x0000000000000000        0xc ../libopencm3//lib/libopencm3_stm32f4.a(gpio_common_f0234.o)
 .group         0x0000000000000000        0xc ../libopencm3//lib/libopencm3_stm32f4.a(gpio_common_f0234.o)
 .group         0x0000000000000000        0xc ../libopencm3//lib/libopencm3_stm32f4.a(gpio_common_f0234.o)
 .group         0x0000000000000000        0xc ../libopencm3//lib/libopencm3_stm32f4.a(gpio_common_f0234.o)
 .text          0x0000000000000000        0x0 ../libopencm3//lib/libopencm3_stm32f4.a(gpio_common_f0234.o)
 .data          0x0000000000000000        0x0 ../libopencm3//lib/libopencm3_stm32f4.a(gpio_common_f0234.o)
 .bss           0x0000000000000000        0x0 ../libopencm3//lib/libopencm3_stm32f4.a(gpio_common_f0234.o)
 .text.gpio_set_output_options
                0x0000000000000000       0x36 ../libopencm3//lib/libopencm3_stm32f4.a(gpio_common_f0234.o)
 .text.gpio_set_af
                0x0000000000000000       0x58 ../libopencm3//lib/libopencm3_stm32f4.a(gpio_common_f0234.o)
 .debug_macro   0x0000000000000000      0xa54 ../libopencm3//lib/libopencm3_stm32f4.a(gpio_common_f0234.o)
 .debug_macro   0x0000000000000000       0x22 ../libopencm3//lib/libopencm3_stm32f4.a(gpio_common_f0234.o)
 .debug_macro   0x0000000000000000       0x87 ../libopencm3//lib/libopencm3_stm32f4.a(gpio_common_f0234.o)
 .debug_macro   0x0000000000000000       0x51 ../libopencm3//lib/libopencm3_stm32f4.a(gpio_common_f0234.o)
 .debug_macro   0x0000000000000000       0xef ../libopencm3//lib/libopencm3_stm32f4.a(gpio_common_f0234.o)
 .debug_macro   0x0000000000000000       0x6a ../libopencm3//lib/libopencm3_stm32f4.a(gpio_common_f0234.o)
 .debug_macro   0x0000000000000000      0x1df ../libopencm3//lib/libopencm3_stm32f4.a(gpio_common_f0234.o)
 .debug_macro   0x0000000000000000       0x22 ../libopencm3//lib/libopencm3_stm32f4.a(gpio_common_f0234.o)
 .debug_macro   0x0000000000000000       0xfa ../libopencm3//lib/libopencm3_stm32f4.a(gpio_common_f0234.o)
 .debug_macro   0x0000000000000000       0x58 ../libopencm3//lib/libopencm3_stm32f4.a(gpio_common_f0234.o)
 .debug_macro   0x0000000000000000      0x26d ../libopencm3//lib/libopencm3_stm32f4.a(gpio_common_f0234.o)
 .debug_macro   0x0000000000000000       0x76 ../libopencm3//lib/libopencm3_stm32f4.a(gpio_common_f0234.o)
 .debug_macro   0x0000000000000000      0x2e6 ../libopencm3//lib/libopencm3_stm32f4.a(gpio_common_f0234.o)
 .debug_macro   0x0000000000000000      0x14e ../libopencm3//lib/libopencm3_stm32f4.a(gpio_common_f0234.o)
 .group         0x0000000000000000        0xc ../libopencm3//lib/libopencm3_stm32f4.a(rcc_common_all.o)
 .group         0x0000000000000000        0xc ../libopencm3//lib/libopencm3_stm32f4.a(rcc_common_all.o)
 .group         0x0000000000000000        0xc ../libopencm3//lib/libopencm3_stm32f4.a(rcc_common_all.o)
 .group         0x0000000000000000        0xc ../libopencm3//lib/libopencm3_stm32f4.a(rcc_common_all.o)
 .group         0x0000000000000000        0xc ../libopencm3//lib/libopencm3_stm32f4.a(rcc_common_all.o)
 .group         0x0000000000000000        0xc ../libopencm3//lib/libopencm3_stm32f4.a(rcc_common_all.o)
 .group         0x0000000000000000        0xc ../libopencm3//lib/libopencm3_stm32f4.a(rcc_common_all.o)
 .group         0x0000000000000000        0xc ../libopencm3//lib/libopencm3_stm32f4.a(rcc_common_all.o)
 .group         0x0000000000000000        0xc ../libopencm3//lib/libopencm3_stm32f4.a(rcc_common_all.o)
 .group         0x0000000000000000        0xc ../libopencm3//lib/libopencm3_stm32f4.a(rcc_common_all.o)
 .group         0x0000000000000000        0xc ../libopencm3//lib/libopencm3_stm32f4.a(rcc_common_all.o)
 .group         0x0000000000000000        0xc ../libopencm3//lib/libopencm3_stm32f4.a(rcc_common_all.o)
 .text          0x0000000000000000        0x0 ../libopencm3//lib/libopencm3_stm32f4.a(rcc_common_all.o)
 .data          0x0000000000000000        0x0 ../libopencm3//lib/libopencm3_stm32f4.a(rcc_common_all.o)
 .bss           0x0000000000000000        0x0 ../libopencm3//lib/libopencm3_stm32f4.a(rcc_common_all.o)
 .text.rcc_peripheral_enable_clock
                0x0000000000000000        0x8 ../libopencm3//lib/libopencm3_stm32f4.a(rcc_common_all.o)
 .text.rcc_peripheral_disable_clock
                0x0000000000000000        0xa ../libopencm3//lib/libopencm3_stm32f4.a(rcc_common_all.o)
 .text.rcc_peripheral_reset
                0x0000000000000000        0x8 ../libopencm3//lib/libopencm3_stm32f4.a(rcc_common_all.o)
 .text.rcc_peripheral_clear_reset
                0x0000000000000000        0xa ../libopencm3//lib/libopencm3_stm32f4.a(rcc_common_all.o)
 .text.rcc_periph_clock_disable
                0x0000000000000000       0x1e ../libopencm3//lib/libopencm3_stm32f4.a(rcc_common_all.o)
 .text.rcc_periph_reset_pulse
                0x0000000000000000       0x22 ../libopencm3//lib/libopencm3_stm32f4.a(rcc_common_all.o)
 .text.rcc_periph_reset_hold
                0x0000000000000000       0x1a ../libopencm3//lib/libopencm3_stm32f4.a(rcc_common_all.o)
 .text.rcc_periph_reset_release
                0x0000000000000000       0x1e ../libopencm3//lib/libopencm3_stm32f4.a(rcc_common_all.o)
 .text.rcc_set_mco
                0x0000000000000000       0x14 ../libopencm3//lib/libopencm3_stm32f4.a(rcc_common_all.o)
 .debug_macro   0x0000000000000000      0xa54 ../libopencm3//lib/libopencm3_stm32f4.a(rcc_common_all.o)
 .debug_macro   0x0000000000000000       0x22 ../libopencm3//lib/libopencm3_stm32f4.a(rcc_common_all.o)
 .debug_macro   0x0000000000000000       0x87 ../libopencm3//lib/libopencm3_stm32f4.a(rcc_common_all.o)
 .debug_macro   0x0000000000000000       0x51 ../libopencm3//lib/libopencm3_stm32f4.a(rcc_common_all.o)
 .debug_macro   0x0000000000000000       0xef ../libopencm3//lib/libopencm3_stm32f4.a(rcc_common_all.o)
 .debug_macro   0x0000000000000000       0x6a ../libopencm3//lib/libopencm3_stm32f4.a(rcc_common_all.o)
 .debug_macro   0x0000000000000000      0x1df ../libopencm3//lib/libopencm3_stm32f4.a(rcc_common_all.o)
 .debug_macro   0x0000000000000000       0x22 ../libopencm3//lib/libopencm3_stm32f4.a(rcc_common_all.o)
 .debug_macro   0x0000000000000000       0xfa ../libopencm3//lib/libopencm3_stm32f4.a(rcc_common_all.o)
 .debug_macro   0x0000000000000000       0x58 ../libopencm3//lib/libopencm3_stm32f4.a(rcc_common_all.o)
 .debug_macro   0x0000000000000000      0x26d ../libopencm3//lib/libopencm3_stm32f4.a(rcc_common_all.o)
 .group         0x0000000000000000        0xc ../libopencm3//lib/libopencm3_stm32f4.a(vector.o)
 .group         0x0000000000000000        0xc ../libopencm3//lib/libopencm3_stm32f4.a(vector.o)
 .group         0x0000000000000000        0xc ../libopencm3//lib/libopencm3_stm32f4.a(vector.o)
 .group         0x0000000000000000        0xc ../libopencm3//lib/libopencm3_stm32f4.a(vector.o)
 .group         0x0000000000000000        0xc ../libopencm3//lib/libopencm3_stm32f4.a(vector.o)
 .group         0x0000000000000000        0xc ../libopencm3//lib/libopencm3_stm32f4.a(vector.o)
 .group         0x0000000000000000        0xc ../libopencm3//lib/libopencm3_stm32f4.a(vector.o)
 .group         0x0000000000000000        0xc ../libopencm3//lib/libopencm3_stm32f4.a(vector.o)
 .group         0x0000000000000000        0xc ../libopencm3//lib/libopencm3_stm32f4.a(vector.o)
 .group         0x0000000000000000        0xc ../libopencm3//lib/libopencm3_stm32f4.a(vector.o)
 .group         0x0000000000000000        0xc ../libopencm3//lib/libopencm3_stm32f4.a(vector.o)
 .group         0x0000000000000000        0xc ../libopencm3//lib/libopencm3_stm32f4.a(vector.o)
 .group         0x0000000000000000        0xc ../libopencm3//lib/libopencm3_stm32f4.a(vector.o)
 .text          0x0000000000000000        0x0 ../libopencm3//lib/libopencm3_stm32f4.a(vector.o)
 .data          0x0000000000000000        0x0 ../libopencm3//lib/libopencm3_stm32f4.a(vector.o)
 .bss           0x0000000000000000        0x0 ../libopencm3//lib/libopencm3_stm32f4.a(vector.o)
 .debug_macro   0x0000000000000000      0xa54 ../libopencm3//lib/libopencm3_stm32f4.a(vector.o)
 .debug_macro   0x0000000000000000       0x58 ../libopencm3//lib/libopencm3_stm32f4.a(vector.o)
 .debug_macro   0x0000000000000000       0x22 ../libopencm3//lib/libopencm3_stm32f4.a(vector.o)
 .debug_macro   0x0000000000000000       0x87 ../libopencm3//lib/libopencm3_stm32f4.a(vector.o)
 .debug_macro   0x0000000000000000       0x51 ../libopencm3//lib/libopencm3_stm32f4.a(vector.o)
 .debug_macro   0x0000000000000000       0xef ../libopencm3//lib/libopencm3_stm32f4.a(vector.o)
 .debug_macro   0x0000000000000000       0x6a ../libopencm3//lib/libopencm3_stm32f4.a(vector.o)
 .debug_macro   0x0000000000000000      0x1df ../libopencm3//lib/libopencm3_stm32f4.a(vector.o)
 .debug_macro   0x0000000000000000       0x22 ../libopencm3//lib/libopencm3_stm32f4.a(vector.o)
 .debug_macro   0x0000000000000000       0xfa ../libopencm3//lib/libopencm3_stm32f4.a(vector.o)

Memory Configuration

Name             Origin             Length             Attributes
rom              0x0000000008000000 0x0000000000100000 xr
ram              0x0000000010000000 0x0000000000010000 xrw
sram1            0x0000000020000000 0x000000000001c000 xrw
sram2            0x000000002001c000 0x0000000000004000 xrw
*default*        0x0000000000000000 0xffffffffffffffff

Linker script and memory map

LOAD main.o
LOAD button_boot.o
LOAD ../libopencm3//lib/libopencm3_stm32f4.a
START GROUP
LOAD /usr/bin/../lib/gcc/arm-none-eabi/7.2.1/../../../../arm-none-eabi/lib/thumb/v7e-m/fpv4-sp/hard/libc.a
LOAD /usr/bin/../lib/gcc/arm-none-eabi/7.2.1/thumb/v7e-m/fpv4-sp/hard/libgcc.a
LOAD /usr/bin/../lib/gcc/arm-none-eabi/7.2.1/../../../../arm-none-eabi/lib/thumb/v7e-m/fpv4-sp/hard/libnosys.a
END GROUP
START GROUP
LOAD /usr/bin/../lib/gcc/arm-none-eabi/7.2.1/thumb/v7e-m/fpv4-sp/hard/libgcc.a
LOAD /usr/bin/../lib/gcc/arm-none-eabi/7.2.1/../../../../arm-none-eabi/lib/thumb/v7e-m/fpv4-sp/hard/libc.a
END GROUP

.sram1          0x0000000020000000        0x0
                0x0000000020000000                sram1_start = .
                0x000000002001c000                sram1_end = (. + 0x1c000)
 *(.sram1)

.sram2          0x000000002001c000        0x0
                0x000000002001c000                sram2_start = .
                0x0000000020020000                sram2_end = (. + 0x4000)
 *(.sram2)

.text           0x0000000008000000      0x340
 *(.vectors)
 .vectors       0x0000000008000000      0x1ac ../libopencm3//lib/libopencm3_stm32f4.a(vector.o)
                0x0000000008000000                vector_table
 *(.text*)
 .text.startup  0x00000000080001ac       0x3c main.o
                0x00000000080001ac                main
 .text          0x00000000080001e8       0x4c button_boot.o
                0x00000000080001e8                button_boot
 .text.gpio_toggle
                0x0000000008000234       0x12 ../libopencm3//lib/libopencm3_stm32f4.a(gpio_common_all.o)
                0x0000000008000234                gpio_toggle
 .text.gpio_mode_setup
                0x0000000008000246       0x44 ../libopencm3//lib/libopencm3_stm32f4.a(gpio_common_f0234.o)
                0x0000000008000246                gpio_mode_setup
 .text.rcc_periph_clock_enable
                0x000000000800028a       0x1a ../libopencm3//lib/libopencm3_stm32f4.a(rcc_common_all.o)
                0x000000000800028a                rcc_periph_clock_enable
 .text.blocking_handler
                0x00000000080002a4        0x2 ../libopencm3//lib/libopencm3_stm32f4.a(vector.o)
                0x00000000080002a4                dma2_stream1_isr
                0x00000000080002a4                tim8_brk_tim12_isr
                0x00000000080002a4                dma1_stream7_isr
                0x00000000080002a4                usart3_isr
                0x00000000080002a4                tim7_isr
                0x00000000080002a4                dma2d_isr
                0x00000000080002a4                uart8_isr
                0x00000000080002a4                dma1_stream2_isr
                0x00000000080002a4                otg_hs_isr
                0x00000000080002a4                blocking_handler
                0x00000000080002a4                tim5_isr
                0x00000000080002a4                rtc_wkup_isr
                0x00000000080002a4                otg_fs_isr
                0x00000000080002a4                spi1_isr
                0x00000000080002a4                i2c3_er_isr
                0x00000000080002a4                exti2_isr
                0x00000000080002a4                spi5_isr
                0x00000000080002a4                usb_fs_wkup_isr
                0x00000000080002a4                tamp_stamp_isr
                0x00000000080002a4                can1_rx1_isr
                0x00000000080002a4                dma2_stream0_isr
                0x00000000080002a4                usart1_isr
                0x00000000080002a4                i2c3_ev_isr
                0x00000000080002a4                usage_fault_handler
                0x00000000080002a4                can2_rx0_isr
                0x00000000080002a4                dma1_stream6_isr
                0x00000000080002a4                can2_rx1_isr
                0x00000000080002a4                can1_sce_isr
                0x00000000080002a4                tim1_cc_isr
                0x00000000080002a4                can1_tx_isr
                0x00000000080002a4                tim1_up_tim10_isr
                0x00000000080002a4                sdio_isr
                0x00000000080002a4                eth_isr
                0x00000000080002a4                spi6_isr
                0x00000000080002a4                dma2_stream5_isr
                0x00000000080002a4                pvd_isr
                0x00000000080002a4                can1_rx0_isr
                0x00000000080002a4                rcc_isr
                0x00000000080002a4                dma2_stream3_isr
                0x00000000080002a4                flash_isr
                0x00000000080002a4                uart4_isr
                0x00000000080002a4                lcd_tft_isr
                0x00000000080002a4                rtc_alarm_isr
                0x00000000080002a4                exti15_10_isr
                0x00000000080002a4                hash_rng_isr
                0x00000000080002a4                tim1_trg_com_tim11_isr
                0x00000000080002a4                hard_fault_handler
                0x00000000080002a4                exti1_isr
                0x00000000080002a4                i2c1_ev_isr
                0x00000000080002a4                usart6_isr
                0x00000000080002a4                spi2_isr
                0x00000000080002a4                cryp_isr
                0x00000000080002a4                nvic_wwdg_isr
                0x00000000080002a4                dma1_stream1_isr
                0x00000000080002a4                dma2_stream4_isr
                0x00000000080002a4                exti3_isr
                0x00000000080002a4                tim3_isr
                0x00000000080002a4                usart2_isr
                0x00000000080002a4                sai1_isr
                0x00000000080002a4                fpu_isr
                0x00000000080002a4                dma1_stream4_isr
                0x00000000080002a4                i2c2_er_isr
                0x00000000080002a4                i2c2_ev_isr
                0x00000000080002a4                uart5_isr
                0x00000000080002a4                dma2_stream6_isr
                0x00000000080002a4                spi4_isr
                0x00000000080002a4                adc_isr
                0x00000000080002a4                dma2_stream7_isr
                0x00000000080002a4                tim8_up_tim13_isr
                0x00000000080002a4                fsmc_isr
                0x00000000080002a4                exti4_isr
                0x00000000080002a4                tim6_dac_isr
                0x00000000080002a4                dma1_stream3_isr
                0x00000000080002a4                tim8_trg_com_tim14_isr
                0x00000000080002a4                mem_manage_handler
                0x00000000080002a4                lcd_tft_err_isr
                0x00000000080002a4                can2_tx_isr
                0x00000000080002a4                exti9_5_isr
                0x00000000080002a4                tim1_brk_tim9_isr
                0x00000000080002a4                uart7_isr
                0x00000000080002a4                can2_sce_isr
                0x00000000080002a4                tim4_isr
                0x00000000080002a4                otg_hs_wkup_isr
                0x00000000080002a4                i2c1_er_isr
                0x00000000080002a4                dma1_stream0_isr
                0x00000000080002a4                tim8_cc_isr
                0x00000000080002a4                dcmi_isr
                0x00000000080002a4                dma2_stream2_isr
                0x00000000080002a4                eth_wkup_isr
                0x00000000080002a4                bus_fault_handler
                0x00000000080002a4                otg_hs_ep1_out_isr
                0x00000000080002a4                spi3_isr
                0x00000000080002a4                dma1_stream5_isr
                0x00000000080002a4                otg_hs_ep1_in_isr
                0x00000000080002a4                tim2_isr
                0x00000000080002a4                exti0_isr
 .text.null_handler
                0x00000000080002a6        0x2 ../libopencm3//lib/libopencm3_stm32f4.a(vector.o)
                0x00000000080002a6                null_handler
                0x00000000080002a6                sv_call_handler
                0x00000000080002a6                pend_sv_handler
                0x00000000080002a6                debug_monitor_handler
                0x00000000080002a6                sys_tick_handler
                0x00000000080002a6                nmi_handler
 .text.reset_handler
                0x00000000080002a8       0x98 ../libopencm3//lib/libopencm3_stm32f4.a(vector.o)
                0x00000000080002a8                reset_handler
                0x0000000008000340                . = ALIGN (0x4)
 *(.rodata*)
                0x0000000008000340                . = ALIGN (0x4)

.glue_7         0x0000000008000340        0x0
 .glue_7        0x0000000008000340        0x0 linker stubs

.glue_7t        0x0000000008000340        0x0
 .glue_7t       0x0000000008000340        0x0 linker stubs

.vfp11_veneer   0x0000000008000340        0x0
 .vfp11_veneer  0x0000000008000340        0x0 linker stubs

.v4_bx          0x0000000008000340        0x0
 .v4_bx         0x0000000008000340        0x0 linker stubs

.iplt           0x0000000008000340        0x0
 .iplt          0x0000000008000340        0x0 main.o

.rel.dyn        0x0000000008000340        0x0
 .rel.iplt      0x0000000008000340        0x0 main.o

.preinit_array  0x0000000008000340        0x0
                0x0000000008000340                . = ALIGN (0x4)
                0x0000000008000340                __preinit_array_start = .
 *(.preinit_array)
                0x0000000008000340                __preinit_array_end = .

.init_array     0x0000000008000340        0x0
                0x0000000008000340                . = ALIGN (0x4)
                0x0000000008000340                __init_array_start = .
 *(SORT_BY_NAME(.init_array.*))
 *(.init_array)
                0x0000000008000340                __init_array_end = .

.fini_array     0x0000000008000340        0x0
                0x0000000008000340                . = ALIGN (0x4)
                0x0000000008000340                __fini_array_start = .
 *(.fini_array)
 *(SORT_BY_NAME(.fini_array.*))
                0x0000000008000340                __fini_array_end = .

.ARM.extab
 *(.ARM.extab*)

.ARM.exidx      0x0000000008000340        0x0
                0x0000000008000340                __exidx_start = .
 *(.ARM.exidx*)
                0x0000000008000340                __exidx_end = .
                0x0000000008000340                . = ALIGN (0x4)
                0x0000000008000340                _etext = .

.data           0x0000000010000000        0x0 load address 0x0000000008000340
                0x0000000010000000                _data = .
 *(.data*)
                0x0000000010000000                . = ALIGN (0x4)
                0x0000000010000000                _edata = .
                0x0000000008000340                _data_loadaddr = LOADADDR (.data)

.igot.plt       0x0000000010000000        0x0 load address 0x0000000008000340
 .igot.plt      0x0000000010000000        0x0 main.o

.bss            0x0000000010000000        0x0 load address 0x0000000008000340
 *(.bss*)
 *(COMMON)
                0x0000000010000000                . = ALIGN (0x4)
                0x0000000010000000                _ebss = .

/DISCARD/
 *(.eh_frame)
                0x0000000010000000                . = ALIGN (0x4)
                0x0000000010000000                end = .
                0x0000000010010000                PROVIDE (_stack, (ORIGIN (ram) + LENGTH (ram)))
OUTPUT(l1dp.elf elf32-littlearm)

.debug_info     0x0000000000000000     0x1de6
 .debug_info    0x0000000000000000      0x6e2 main.o
 .debug_info    0x00000000000006e2      0x680 button_boot.o
 .debug_info    0x0000000000000d62      0x22c ../libopencm3//lib/libopencm3_stm32f4.a(gpio_common_all.o)
 .debug_info    0x0000000000000f8e      0x1eb ../libopencm3//lib/libopencm3_stm32f4.a(gpio_common_f0234.o)
 .debug_info    0x0000000000001179      0x9bd ../libopencm3//lib/libopencm3_stm32f4.a(rcc_common_all.o)
 .debug_info    0x0000000000001b36      0x2b0 ../libopencm3//lib/libopencm3_stm32f4.a(vector.o)

.debug_abbrev   0x0000000000000000      0x66c
 .debug_abbrev  0x0000000000000000      0x137 main.o
 .debug_abbrev  0x0000000000000137       0xf8 button_boot.o
 .debug_abbrev  0x000000000000022f       0xf4 ../libopencm3//lib/libopencm3_stm32f4.a(gpio_common_all.o)
 .debug_abbrev  0x0000000000000323       0xb7 ../libopencm3//lib/libopencm3_stm32f4.a(gpio_common_f0234.o)
 .debug_abbrev  0x00000000000003da      0x158 ../libopencm3//lib/libopencm3_stm32f4.a(rcc_common_all.o)
 .debug_abbrev  0x0000000000000532      0x13a ../libopencm3//lib/libopencm3_stm32f4.a(vector.o)

.debug_loc      0x0000000000000000      0x378
 .debug_loc     0x0000000000000000       0x14 main.o
 .debug_loc     0x0000000000000014       0x97 ../libopencm3//lib/libopencm3_stm32f4.a(gpio_common_all.o)
 .debug_loc     0x00000000000000ab       0xdb ../libopencm3//lib/libopencm3_stm32f4.a(gpio_common_f0234.o)
 .debug_loc     0x0000000000000186      0x108 ../libopencm3//lib/libopencm3_stm32f4.a(rcc_common_all.o)
 .debug_loc     0x000000000000028e       0xea ../libopencm3//lib/libopencm3_stm32f4.a(vector.o)

.debug_aranges  0x0000000000000000      0x148
 .debug_aranges
                0x0000000000000000       0x20 main.o
 .debug_aranges
                0x0000000000000020       0x20 button_boot.o
 .debug_aranges
                0x0000000000000040       0x50 ../libopencm3//lib/libopencm3_stm32f4.a(gpio_common_all.o)
 .debug_aranges
                0x0000000000000090       0x30 ../libopencm3//lib/libopencm3_stm32f4.a(gpio_common_f0234.o)
 .debug_aranges
                0x00000000000000c0       0x58 ../libopencm3//lib/libopencm3_stm32f4.a(rcc_common_all.o)
 .debug_aranges
                0x0000000000000118       0x30 ../libopencm3//lib/libopencm3_stm32f4.a(vector.o)

.debug_ranges   0x0000000000000000       0xf0
 .debug_ranges  0x0000000000000000       0x28 main.o
 .debug_ranges  0x0000000000000028       0x40 ../libopencm3//lib/libopencm3_stm32f4.a(gpio_common_all.o)
 .debug_ranges  0x0000000000000068       0x20 ../libopencm3//lib/libopencm3_stm32f4.a(gpio_common_f0234.o)
 .debug_ranges  0x0000000000000088       0x48 ../libopencm3//lib/libopencm3_stm32f4.a(rcc_common_all.o)
 .debug_ranges  0x00000000000000d0       0x20 ../libopencm3//lib/libopencm3_stm32f4.a(vector.o)

.debug_line     0x0000000000000000      0xdd8
 .debug_line    0x0000000000000000      0x164 main.o
 .debug_line    0x0000000000000164      0x139 button_boot.o
 .debug_line    0x000000000000029d      0x2da ../libopencm3//lib/libopencm3_stm32f4.a(gpio_common_all.o)
 .debug_line    0x0000000000000577      0x2ca ../libopencm3//lib/libopencm3_stm32f4.a(gpio_common_f0234.o)
 .debug_line    0x0000000000000841      0x2b5 ../libopencm3//lib/libopencm3_stm32f4.a(rcc_common_all.o)
 .debug_line    0x0000000000000af6      0x2e2 ../libopencm3//lib/libopencm3_stm32f4.a(vector.o)

.debug_str      0x0000000000000000     0xcb65
 .debug_str     0x0000000000000000      0x819 main.o
                                        0x8e8 (size before relaxing)
 .debug_str     0x0000000000000819        0xe button_boot.o
                                        0x8d3 (size before relaxing)
 .debug_str     0x0000000000000827     0x63af ../libopencm3//lib/libopencm3_stm32f4.a(gpio_common_all.o)
                                       0x6548 (size before relaxing)
 .debug_str     0x0000000000006bd6       0x8a ../libopencm3//lib/libopencm3_stm32f4.a(gpio_common_f0234.o)
                                       0x656a (size before relaxing)
 .debug_str     0x0000000000006c60     0x34ba ../libopencm3//lib/libopencm3_stm32f4.a(rcc_common_all.o)
                                       0x8d00 (size before relaxing)
 .debug_str     0x000000000000a11a     0x2a4b ../libopencm3//lib/libopencm3_stm32f4.a(vector.o)
                                       0x6bab (size before relaxing)

.comment        0x0000000000000000       0x7e
 .comment       0x0000000000000000       0x7e main.o
                                         0x7f (size before relaxing)
 .comment       0x000000000000007e       0x7f button_boot.o
 .comment       0x000000000000007e       0x7f ../libopencm3//lib/libopencm3_stm32f4.a(gpio_common_all.o)
 .comment       0x000000000000007e       0x7f ../libopencm3//lib/libopencm3_stm32f4.a(gpio_common_f0234.o)
 .comment       0x000000000000007e       0x7f ../libopencm3//lib/libopencm3_stm32f4.a(rcc_common_all.o)
 .comment       0x000000000000007e       0x7f ../libopencm3//lib/libopencm3_stm32f4.a(vector.o)

.ARM.attributes
                0x0000000000000000       0x39
 .ARM.attributes
                0x0000000000000000       0x39 main.o
 .ARM.attributes
                0x0000000000000039       0x39 button_boot.o
 .ARM.attributes
                0x0000000000000072       0x39 ../libopencm3//lib/libopencm3_stm32f4.a(gpio_common_all.o)
 .ARM.attributes
                0x00000000000000ab       0x39 ../libopencm3//lib/libopencm3_stm32f4.a(gpio_common_f0234.o)
 .ARM.attributes
                0x00000000000000e4       0x39 ../libopencm3//lib/libopencm3_stm32f4.a(rcc_common_all.o)
 .ARM.attributes
                0x000000000000011d       0x39 ../libopencm3//lib/libopencm3_stm32f4.a(vector.o)

.debug_frame    0x0000000000000000      0x238
 .debug_frame   0x0000000000000000       0x28 main.o
 .debug_frame   0x0000000000000028       0x30 button_boot.o
 .debug_frame   0x0000000000000058       0x80 ../libopencm3//lib/libopencm3_stm32f4.a(gpio_common_all.o)
 .debug_frame   0x00000000000000d8       0x70 ../libopencm3//lib/libopencm3_stm32f4.a(gpio_common_f0234.o)
 .debug_frame   0x0000000000000148       0xb0 ../libopencm3//lib/libopencm3_stm32f4.a(rcc_common_all.o)
 .debug_frame   0x00000000000001f8       0x40 ../libopencm3//lib/libopencm3_stm32f4.a(vector.o)

.debug_macro    0x0000000000000000     0x2bce
 .debug_macro   0x0000000000000000       0xd2 ../libopencm3//lib/libopencm3_stm32f4.a(gpio_common_all.o)
 .debug_macro   0x00000000000000d2      0xa54 ../libopencm3//lib/libopencm3_stm32f4.a(gpio_common_all.o)
 .debug_macro   0x0000000000000b26       0x22 ../libopencm3//lib/libopencm3_stm32f4.a(gpio_common_all.o)
 .debug_macro   0x0000000000000b48       0x87 ../libopencm3//lib/libopencm3_stm32f4.a(gpio_common_all.o)
 .debug_macro   0x0000000000000bcf       0x51 ../libopencm3//lib/libopencm3_stm32f4.a(gpio_common_all.o)
 .debug_macro   0x0000000000000c20       0xef ../libopencm3//lib/libopencm3_stm32f4.a(gpio_common_all.o)
 .debug_macro   0x0000000000000d0f       0x6a ../libopencm3//lib/libopencm3_stm32f4.a(gpio_common_all.o)
 .debug_macro   0x0000000000000d79      0x1df ../libopencm3//lib/libopencm3_stm32f4.a(gpio_common_all.o)
 .debug_macro   0x0000000000000f58       0x22 ../libopencm3//lib/libopencm3_stm32f4.a(gpio_common_all.o)
 .debug_macro   0x0000000000000f7a       0xfa ../libopencm3//lib/libopencm3_stm32f4.a(gpio_common_all.o)
 .debug_macro   0x0000000000001074       0x58 ../libopencm3//lib/libopencm3_stm32f4.a(gpio_common_all.o)
 .debug_macro   0x00000000000010cc      0x26d ../libopencm3//lib/libopencm3_stm32f4.a(gpio_common_all.o)
 .debug_macro   0x0000000000001339       0x76 ../libopencm3//lib/libopencm3_stm32f4.a(gpio_common_all.o)
 .debug_macro   0x00000000000013af      0x2e6 ../libopencm3//lib/libopencm3_stm32f4.a(gpio_common_all.o)
 .debug_macro   0x0000000000001695      0x14e ../libopencm3//lib/libopencm3_stm32f4.a(gpio_common_all.o)
 .debug_macro   0x00000000000017e3       0xd2 ../libopencm3//lib/libopencm3_stm32f4.a(gpio_common_f0234.o)
 .debug_macro   0x00000000000018b5       0xcf ../libopencm3//lib/libopencm3_stm32f4.a(rcc_common_all.o)
 .debug_macro   0x0000000000001984      0xb3f ../libopencm3//lib/libopencm3_stm32f4.a(rcc_common_all.o)
 .debug_macro   0x00000000000024c3       0xd4 ../libopencm3//lib/libopencm3_stm32f4.a(vector.o)
 .debug_macro   0x0000000000002597      0x3a1 ../libopencm3//lib/libopencm3_stm32f4.a(vector.o)
 .debug_macro   0x0000000000002938       0x6a ../libopencm3//lib/libopencm3_stm32f4.a(vector.o)
 .debug_macro   0x00000000000029a2      0x22c ../libopencm3//lib/libopencm3_stm32f4.a(vector.o)
